// Jest Snapshot v1, https://goo.gl/fbAQLP

exports[`MainGrid snapshot should match snapshot 1`] = `
<styled.div>
  <label
    htmlFor="sort-dropdown"
  >
    Sort results by:
    <select
      id="sort-dropdown"
      onChange={[Function]}
    >
      <option
        value="name"
      >
        Name
      </option>
      <option
        value="impressions"
      >
        Impressions
      </option>
      <option
        value="conversions"
      >
        Conversions
      </option>
      <option
        value="revenue"
      >
        Revenue
      </option>
    </select>
  </label>
  <div
    className="main-grid"
  >
    <GridCard
      avatar="https://s3.amazonaws.com/uifaces/faces/twitter/brad_frost/128.jpg"
      conversions={
        Object {
          "count": 1,
          "graphData": Object {
            "04/19": 10,
          },
        }
      }
      id={0}
      impressions={2}
      key="0"
      name="Charlie S. Gerardi"
      occupation="Residential electrician"
      revenue={10}
    />
  </div>
</styled.div>
`;
